\BOOKMARK [1][-]{section.1}{Introduction}{}% 1
\BOOKMARK [1][-]{section.2}{Description of the connected component X containing a TRSELP}{}% 2
\BOOKMARK [2][-]{subsection.2.1}{Tame regular semisimple elliptic L-parameters}{section.2}% 3
\BOOKMARK [2][-]{subsection.2.2}{Description of the component}{section.2}% 4
\BOOKMARK [2][-]{subsection.2.3}{the T-action on \( T \)}{section.2}% 5
\BOOKMARK [1][-]{section.3}{Main Theorem: description of [X/]}{}% 6
\BOOKMARK [1][-]{section.4}{Corollary: lifting irreducible coherent sheaves on [X/]}{}% 7
\BOOKMARK [1][-]{section.5}{Example}{}% 8
